
> school-erp-backend-full@1.0.0 test
> jest --coverage --runInBand

node.exe : PASS tests/routes/authRoutes.test.js
At C:\nvm4w\nodejs\npm.ps1:16 char:5
+     & "$basedir/node$exe"  "$basedir/node_modules/npm/bin/npm-cli.js" ...
+     ~~~~~~~~~~~~~~~~~~~~~~~~~~~~~~~~~~~~~~~~~~~~~~~~~~~~~~~~~~~~~~~~~
    + CategoryInfo          : NotSpecified: (PASS tests/routes/authRoutes.test.js:String) [], RemoteE 
   xception
    + FullyQualifiedErrorId : NativeCommandError
 
  ΓùÅ Console

    console.log
      [dotenv@17.2.3] injecting env (23) from .env -- tip: ΓÜÖ∩╕Å  enable debug logging with { debug: 
true }

      at _log (node_modules/dotenv/lib/main.js:142:11)

    console.debug
      Auth route: User is object [ 'findOne', 'create', 'findByPk' ]

      at Object.debug (routes/auth.js:26:13)

    console.error
      Error seeding tenant roles: TypeError: Role.findOrCreate is not a function
          at findOrCreate (F:\school-erp-full-structure\services\rolePermissionService.js:284:39)
          at processTicksAndRejections (node:internal/process/task_queues:105:5)
          at F:\school-erp-full-structure\routes\auth.js:332:13

    [0m [90m 322 |[39m         [36mreturn[39m createdRoles[33m;[39m
     [90m 323 |[39m     } [36mcatch[39m (error) {
    [31m[1m>[22m[39m[90m 324 |[39m         console[33m.[39merror([32m'Error seeding tenant 
roles:'[39m[33m,[39m error)[33m;[39m
     [90m     |[39m                 [31m[1m^[22m[39m
     [90m 325 |[39m         [36mthrow[39m error[33m;[39m
     [90m 326 |[39m     }
     [90m 327 |[39m }[0m

      at error (services/rolePermissionService.js:324:17)
      at routes/auth.js:332:13

    console.error
      [2026-01-02T21:36:54.048Z] ERROR: Failed to seed default roles for tenant:

    [0m [90m 18 |[39m module[33m.[39mexports [33m=[39m {
     [90m 19 |[39m     info[33m:[39m (msg) [33m=>[39m 
console[33m.[39mlog(format([32m'info'[39m[33m,[39m msg))[33m,[39m
    [31m[1m>[22m[39m[90m 20 |[39m     error[33m:[39m (msg) [33m=>[39m 
console[33m.[39merror(format([32m'error'[39m[33m,[39m msg))[33m,[39m
     [90m    |[39m                             [31m[1m^[22m[39m
     [90m 21 |[39m     warn[33m:[39m (msg) [33m=>[39m 
console[33m.[39mwarn(format([32m'warn'[39m[33m,[39m msg))[33m,[39m
     [90m 22 |[39m     debug[33m:[39m (msg) [33m=>[39m console[33m.[39mdebug [33m?[39m 
console[33m.[39mdebug(format([32m'debug'[39m[33m,[39m msg)) [33m:[39m 
console[33m.[39mlog(format([32m'debug'[39m[33m,[39m msg))
     [90m 23 |[39m }[33m;[39m[0m

      at Object.error (config/logger.js:20:29)
      at error (routes/auth.js:335:20)

    console.error
      Error seeding tenant roles: TypeError: Role.findOrCreate is not a function
          at findOrCreate (F:\school-erp-full-structure\services\rolePermissionService.js:284:39)
          at processTicksAndRejections (node:internal/process/task_queues:105:5)
          at F:\school-erp-full-structure\routes\auth.js:332:13

    [0m [90m 322 |[39m         [36mreturn[39m createdRoles[33m;[39m
     [90m 323 |[39m     } [36mcatch[39m (error) {
    [31m[1m>[22m[39m[90m 324 |[39m         console[33m.[39merror([32m'Error seeding tenant 
roles:'[39m[33m,[39m error)[33m;[39m
     [90m     |[39m                 [31m[1m^[22m[39m
     [90m 325 |[39m         [36mthrow[39m error[33m;[39m
     [90m 326 |[39m     }
     [90m 327 |[39m }[0m

      at error (services/rolePermissionService.js:324:17)
      at routes/auth.js:332:13

    console.error
      [2026-01-02T21:36:54.277Z] ERROR: Failed to seed default roles for tenant:

    [0m [90m 18 |[39m module[33m.[39mexports [33m=[39m {
     [90m 19 |[39m     info[33m:[39m (msg) [33m=>[39m 
console[33m.[39mlog(format([32m'info'[39m[33m,[39m msg))[33m,[39m
    [31m[1m>[22m[39m[90m 20 |[39m     error[33m:[39m (msg) [33m=>[39m 
console[33m.[39merror(format([32m'error'[39m[33m,[39m msg))[33m,[39m
     [90m    |[39m                             [31m[1m^[22m[39m
     [90m 21 |[39m     warn[33m:[39m (msg) [33m=>[39m 
console[33m.[39mwarn(format([32m'warn'[39m[33m,[39m msg))[33m,[39m
     [90m 22 |[39m     debug[33m:[39m (msg) [33m=>[39m console[33m.[39mdebug [33m?[39m 
console[33m.[39mdebug(format([32m'debug'[39m[33m,[39m msg)) [33m:[39m 
console[33m.[39mlog(format([32m'debug'[39m[33m,[39m msg))
     [90m 23 |[39m }[33m;[39m[0m

      at Object.error (config/logger.js:20:29)
      at error (routes/auth.js:335:20)

    console.error
      Error seeding tenant roles: TypeError: Role.findOrCreate is not a function
          at findOrCreate (F:\school-erp-full-structure\services\rolePermissionService.js:284:39)
          at processTicksAndRejections (node:internal/process/task_queues:105:5)
          at F:\school-erp-full-structure\routes\auth.js:332:13

    [0m [90m 322 |[39m         [36mreturn[39m createdRoles[33m;[39m
     [90m 323 |[39m     } [36mcatch[39m (error) {
    [31m[1m>[22m[39m[90m 324 |[39m         console[33m.[39merror([32m'Error seeding tenant 
roles:'[39m[33m,[39m error)[33m;[39m
     [90m     |[39m                 [31m[1m^[22m[39m
     [90m 325 |[39m         [36mthrow[39m error[33m;[39m
     [90m 326 |[39m     }
     [90m 327 |[39m }[0m

      at error (services/rolePermissionService.js:324:17)
      at routes/auth.js:332:13

    console.error
      [2026-01-02T21:36:54.494Z] ERROR: Failed to seed default roles for tenant:

    [0m [90m 18 |[39m module[33m.[39mexports [33m=[39m {
     [90m 19 |[39m     info[33m:[39m (msg) [33m=>[39m 
console[33m.[39mlog(format([32m'info'[39m[33m,[39m msg))[33m,[39m
    [31m[1m>[22m[39m[90m 20 |[39m     error[33m:[39m (msg) [33m=>[39m 
console[33m.[39merror(format([32m'error'[39m[33m,[39m msg))[33m,[39m
     [90m    |[39m                             [31m[1m^[22m[39m
     [90m 21 |[39m     warn[33m:[39m (msg) [33m=>[39m 
console[33m.[39mwarn(format([32m'warn'[39m[33m,[39m msg))[33m,[39m
     [90m 22 |[39m     debug[33m:[39m (msg) [33m=>[39m console[33m.[39mdebug [33m?[39m 
console[33m.[39mdebug(format([32m'debug'[39m[33m,[39m msg)) [33m:[39m 
console[33m.[39mlog(format([32m'debug'[39m[33m,[39m msg))
     [90m 23 |[39m }[33m;[39m[0m

      at Object.error (config/logger.js:20:29)
      at error (routes/auth.js:335:20)

    console.error
      Error seeding tenant roles: TypeError: Role.findOrCreate is not a function
          at findOrCreate (F:\school-erp-full-structure\services\rolePermissionService.js:284:39)
          at processTicksAndRejections (node:internal/process/task_queues:105:5)
          at F:\school-erp-full-structure\routes\auth.js:332:13

    [0m [90m 322 |[39m         [36mreturn[39m createdRoles[33m;[39m
     [90m 323 |[39m     } [36mcatch[39m (error) {
    [31m[1m>[22m[39m[90m 324 |[39m         console[33m.[39merror([32m'Error seeding tenant 
roles:'[39m[33m,[39m error)[33m;[39m
     [90m     |[39m                 [31m[1m^[22m[39m
     [90m 325 |[39m         [36mthrow[39m error[33m;[39m
     [90m 326 |[39m     }
     [90m 327 |[39m }[0m

      at error (services/rolePermissionService.js:324:17)
      at routes/auth.js:332:13

    console.error
      [2026-01-02T21:36:54.712Z] ERROR: Failed to seed default roles for tenant:

    [0m [90m 18 |[39m module[33m.[39mexports [33m=[39m {
     [90m 19 |[39m     info[33m:[39m (msg) [33m=>[39m 
console[33m.[39mlog(format([32m'info'[39m[33m,[39m msg))[33m,[39m
    [31m[1m>[22m[39m[90m 20 |[39m     error[33m:[39m (msg) [33m=>[39m 
console[33m.[39merror(format([32m'error'[39m[33m,[39m msg))[33m,[39m
     [90m    |[39m                             [31m[1m^[22m[39m
     [90m 21 |[39m     warn[33m:[39m (msg) [33m=>[39m 
console[33m.[39mwarn(format([32m'warn'[39m[33m,[39m msg))[33m,[39m
     [90m 22 |[39m     debug[33m:[39m (msg) [33m=>[39m console[33m.[39mdebug [33m?[39m 
console[33m.[39mdebug(format([32m'debug'[39m[33m,[39m msg)) [33m:[39m 
console[33m.[39mlog(format([32m'debug'[39m[33m,[39m msg))
     [90m 23 |[39m }[33m;[39m[0m

      at Object.error (config/logger.js:20:29)
      at error (routes/auth.js:335:20)

    console.error
      Error seeding tenant roles: TypeError: Role.findOrCreate is not a function
          at findOrCreate (F:\school-erp-full-structure\services\rolePermissionService.js:284:39)
          at processTicksAndRejections (node:internal/process/task_queues:105:5)
          at F:\school-erp-full-structure\routes\auth.js:332:13

    [0m [90m 322 |[39m         [36mreturn[39m createdRoles[33m;[39m
     [90m 323 |[39m     } [36mcatch[39m (error) {
    [31m[1m>[22m[39m[90m 324 |[39m         console[33m.[39merror([32m'Error seeding tenant 
roles:'[39m[33m,[39m error)[33m;[39m
     [90m     |[39m                 [31m[1m^[22m[39m
     [90m 325 |[39m         [36mthrow[39m error[33m;[39m
     [90m 326 |[39m     }
     [90m 327 |[39m }[0m

      at error (services/rolePermissionService.js:324:17)
      at routes/auth.js:332:13

    console.error
      [2026-01-02T21:36:54.930Z] ERROR: Failed to seed default roles for tenant:

    [0m [90m 18 |[39m module[33m.[39mexports [33m=[39m {
     [90m 19 |[39m     info[33m:[39m (msg) [33m=>[39m 
console[33m.[39mlog(format([32m'info'[39m[33m,[39m msg))[33m,[39m
    [31m[1m>[22m[39m[90m 20 |[39m     error[33m:[39m (msg) [33m=>[39m 
console[33m.[39merror(format([32m'error'[39m[33m,[39m msg))[33m,[39m
     [90m    |[39m                             [31m[1m^[22m[39m
     [90m 21 |[39m     warn[33m:[39m (msg) [33m=>[39m 
console[33m.[39mwarn(format([32m'warn'[39m[33m,[39m msg))[33m,[39m
     [90m 22 |[39m     debug[33m:[39m (msg) [33m=>[39m console[33m.[39mdebug [33m?[39m 
console[33m.[39mdebug(format([32m'debug'[39m[33m,[39m msg)) [33m:[39m 
console[33m.[39mlog(format([32m'debug'[39m[33m,[39m msg))
     [90m 23 |[39m }[33m;[39m[0m

      at Object.error (config/logger.js:20:29)
      at error (routes/auth.js:335:20)

PASS tests/routes/studentsRoutes.test.js
PASS tests/controllers/studentController.test.js
  ΓùÅ Console

    console.log
      [dotenv@17.2.3] injecting env (23) from .env -- tip: ΓÜÖ∩╕Å  specify custom .env file path with 
{ path: '/custom/path/.env' }

      at _log (node_modules/dotenv/lib/main.js:142:11)

PASS tests/routes/tenantsRoutes.test.js
PASS tests/rbac.test.js
PASS tests/services/studentService.test.js
  ΓùÅ Console

    console.error
      [2026-01-02T21:36:56.109Z] ERROR: StudentService.listStudents DB error:

    [0m [90m 18 |[39m module[33m.[39mexports [33m=[39m {
     [90m 19 |[39m     info[33m:[39m (msg) [33m=>[39m 
console[33m.[39mlog(format([32m'info'[39m[33m,[39m msg))[33m,[39m
    [31m[1m>[22m[39m[90m 20 |[39m     error[33m:[39m (msg) [33m=>[39m 
console[33m.[39merror(format([32m'error'[39m[33m,[39m msg))[33m,[39m
     [90m    |[39m                             [31m[1m^[22m[39m
     [90m 21 |[39m     warn[33m:[39m (msg) [33m=>[39m 
console[33m.[39mwarn(format([32m'warn'[39m[33m,[39m msg))[33m,[39m
     [90m 22 |[39m     debug[33m:[39m (msg) [33m=>[39m console[33m.[39mdebug [33m?[39m 
console[33m.[39mdebug(format([32m'debug'[39m[33m,[39m msg)) [33m:[39m 
console[33m.[39mlog(format([32m'debug'[39m[33m,[39m msg))
     [90m 23 |[39m }[33m;[39m[0m

      at Object.error (config/logger.js:20:29)
      at Object.error [as listStudents] (services/studentService.js:21:16)
      at Object.<anonymous> (tests/services/studentService.test.js:56:9)

---------------------------|---------|----------|---------|---------|-------------------------------------------------------------------------------------------------------------------------------------------------
File                       | % Stmts | % Branch | % Funcs | % Lines | Uncovered Line #s                                                                                                                               
---------------------------|---------|----------|---------|---------|-------------------------------------------------------------------------------------------------------------------------------------------------
All files                  |   56.66 |    43.19 |   57.89 |   57.68 |                                                                                                                                                 
 config                    |   59.25 |       40 |    37.5 |   57.69 |                                                                                                                                                 
  database.js              |   66.66 |       50 |   33.33 |   64.28 | 10-11,39-41                                                                                                                                     
  logger.js                |      50 |       25 |      40 |      50 | 9-12,19,21-22                                                                                                                                   
 controllers               |    53.5 |       37 |      80 |   55.33 |                                                                                                                                                 
  studentController.js     |    53.5 |       37 |      80 |   55.33 | 19-26,49,53,63-64,70-84,89-104,126,130,151-162,174-178,185,189                                                                                  
 middleware                |   43.33 |    38.46 |      60 |   43.33 |                                                                                                                                                 
  validation.js            |   43.33 |    38.46 |      60 |   43.33 | 22,34,47-73                                                                                                                                     
 models                    |     100 |      100 |     100 |     100 |                                                                                                                                                 
  Permission.js            |     100 |      100 |     100 |     100 |                                                                                                                                                 
  Student.js               |     100 |      100 |     100 |     100 |                                                                                                                                                 
 routes                    |   69.27 |    61.94 |      75 |   70.09 |                                                                                                                                                 
  auth.js                  |   66.66 |    61.82 |   76.19 |   67.36 | 28,142,145,159-170,177,188-189,210,227,246-281,316-317,333,353-354,451,567-568,592,659,732,756,765,823,929,945,989-990,1004,1063-1163,1200-1216 
  students.js              |   81.81 |       50 |      50 |      85 | 424-426                                                                                                                                         
  tenants.js               |     100 |      100 |     100 |     100 |                                                                                                                                                 
 services                  |   41.28 |    28.57 |   46.15 |   40.95 |                                                                                                                                                 
  rolePermissionService.js |   21.95 |        0 |    12.5 |    22.5 | 291-322,333-524                                                                                                                                 
  studentService.js        |     100 |    84.21 |     100 |     100 | 5-21,43                                                                                                                                         
 utils                     |    27.5 |     9.41 |    37.5 |   30.98 |                                                                                                                                                 
  asyncHandler.js          |     100 |      100 |     100 |     100 |                                                                                                                                                 
  cookieHelper.js          |      50 |    30.76 |   57.14 |      50 | 64-104                                                                                                                                          
  errorMapper.js           |      12 |        0 |       0 |   15.78 | 6-9,13-38                                                                                                                                       
  s3Helper.js              |    4.34 |        0 |       0 |       5 | 7-56                                                                                                                                            
---------------------------|---------|----------|---------|---------|-------------------------------------------------------------------------------------------------------------------------------------------------

Test Suites: 6 passed, 6 total
Tests:       68 passed, 68 total
Snapshots:   0 total
Time:        5.867 s
Ran all test suites.
Jest did not exit one second after the test run has completed.

'This usually means that there are asynchronous operations that weren't stopped in your tests. 
Consider running Jest with `--detectOpenHandles` to troubleshoot this issue.
